[www.cortexcopywriter.com/index.html]
[backblue.gif]
[fade.gif]
[index.html]
[www.cortexcopywriter.com/apple-touch-icon.png]
[www.cortexcopywriter.com/favicon-32x32.png]
[www.cortexcopywriter.com/favicon-16x16.png]
[ajax.googleapis.com/ajax/libs/jquery/3.3.1/jquery.min.js]
[cdnjs.cloudflare.com/ajax/libs/gsap/1.20.4/TweenMax.min.js]
[cdnjs.cloudflare.com/ajax/libs/gsap/2.0.2/plugins/TextPlugin.min.js]
[cdnjs.cloudflare.com/ajax/libs/animate.css/3.7.0/animate.min.css]
[www.cortexcopywriter.com/js/cortex2-animatecss_functions.js]
[cdnjs.cloudflare.com/ajax/libs/Swiper/4.5.0/js/swiper.min.js]
[cdnjs.cloudflare.com/ajax/libs/Swiper/4.5.0/css/swiper.min.css]
[cdn.jsdelivr.net/npm/typeit@6.0.2/dist/typeit.min.js]
[use.fontawesome.com/releases/v5.8.1/css/all.css]
[cdnjs.cloudflare.com/ajax/libs/moment.js/2.24.0/moment.min.js]
[cdnjs.cloudflare.com/ajax/libs/bodymovin/5.5.2/lottie.min.js]
[cdnjs.cloudflare.com/ajax/libs/underscore.js/1.9.1/underscore-min.js]
[cdnjs.cloudflare.com/ajax/libs/jquery-validate/1.19.0/jquery.validate.min.js]
[www.cortexcopywriter.com/js/cortex2-logo-animation-homepage.js]
[www.cortexcopywriter.com/case-studies/ausbeds-a-conversational-user-interface.html]
[www.cortexcopywriter.com/case-studies/rebranding-blaze-research.html]
[www.cortexcopywriter.com/blog/UX-writing-and-FBI-negotiation.html]
[www.cortexcopywriter.com/blog/evolution-of-copy.html]
[www.cortexcopywriter.com/blog/how-will-screenwriting-evolve.html]
[www.cortexcopywriter.com/blog/top-3-ways-psychology-hacks-minds.html]
[www.cortexcopywriter.com/img/samples/chatbot.jpg]
[www.cortexcopywriter.com/img/samples/speedpix.jpg]
[www.cortexcopywriter.com/see-more/speedpix-onboarding.html]
[www.cortexcopywriter.com/img/samples/startscale.jpg]
[www.cortexcopywriter.com/img/samples/blaze_sample.jpg]
[www.cortexcopywriter.com/img/samples/tara.jpg]
[www.cortexcopywriter.com/see-more/facebook-ads.html]
[www.cortexcopywriter.com/img/samples/purelearning_sample.jpg]
[www.cortexcopywriter.com/see-more/explainer-video.html]
[www.cortexcopywriter.com/img/samples/adgroove_sample.jpg]
[www.cortexcopywriter.com/see-more/youtube-ad.html]
[www.cortexcopywriter.com/img/samples/rayvonsnest_sample.jpg]
[www.cortexcopywriter.com/img/blog_featured/blog_stock-10.jpg]
[www.cortexcopywriter.com/img/blog_featured/blog_stock-5.jpg]
[www.cortexcopywriter.com/img/blog_featured/blog_stock-6.jpg]
[www.cortexcopywriter.com/img/blog_featured/blog_stock-1.jpg]
[www.cortexcopywriter.com/img/blog_featured/blog_stock-0.jpg]
[www.cortexcopywriter.com/img/blog_featured/blog_stock-4.jpg]
[www.cortexcopywriter.com/img/blog_featured/blog_stock-7.jpg]
[www.cortexcopywriter.com/js/cortex2-about-animation.js]
[www.cortexcopywriter.com/js/cortex2-scroll.js]
[www.cortexcopywriter.com/js/cortex2-character-animations.js]
[www.cortexcopywriter.com/js/cortex2-character-waving-animations.js]
[www.cortexcopywriter.com/js/cortex2-introtitles.js]
[www.cortexcopywriter.com/js/cortex2-menus.js]
[www.cortexcopywriter.com/js/cortex2-services.js]
[www.cortexcopywriter.com/js/cortex2-chatbot.js]
[www.cortexcopywriter.com/js/cortex2-techniques.js]
[www.cortexcopywriter.com/js/cortex2-samples.js]
[www.cortexcopywriter.com/js/cortex2-reviews.js]
[www.cortexcopywriter.com/js/cortex2-email-animation.js]
[www.cortexcopywriter.com/js/cortex2-contact.js]
[www.cortexcopywriter.com/js/cortex2-about.js]
[www.cortexcopywriter.com/js/cortex2-style-switcher.js]
[www.cortexcopywriter.com/js/cortex2-year-footer.js]
[www.cortexcopywriter.com/index.html]
[www.cortexcopywriter.com/site.html]
[www.cortexcopywriter.com/safari-pinned-tab.svg]
[www.cortexcopywriter.com/css/main.css]
[cdnjs.cloudflare.com/ajax/libs/animate.css/3.7.0/animate.min.css]
[cdnjs.cloudflare.com/ajax/libs/Swiper/4.5.0/css/swiper.min.css]
[use.fontawesome.com/releases/v5.8.1/css/all.css]
[www.cortexcopywriter.com/js/cortex2-splashpage.js]
[www.cortexcopywriter.com/img/logo/logo_desktop_with_name.svg]
[connect.facebook.net/en_GB/sdk.js]
[www.cortexcopywriter.com/index-2.html]
[www.cortexcopywriter.com/blog/blog-img/usp.jpg]
[www.cortexcopywriter.com/blog/blog-img/calc1.jpg]
[www.cortexcopywriter.com/blog/blog-img/store.jpg]
[www.cortexcopywriter.com/blog/blog-img/wireframe.jpg]
[www.cortexcopywriter.com/blog/blog-img/flowchart.jpg]
[www.cortexcopywriter.com/blog/blog-img/persona.jpg]
[www.cortexcopywriter.com/blog/blog-img/transcript.jpg]
[www.cortexcopywriter.com/blog/blog-img/chatbot.jpg]
[www.cortexcopywriter.com/blog/blog-img/cta.jpg]
[www.cortexcopywriter.com/blog/blog-img/split.jpg]
[www.cortexcopywriter.com/libraries/just-validate.min.js]
[www.cortexcopywriter.com/js/cortex2-logo-animation.js]
[www.cortexcopywriter.com/js/cortex2-blogmenus.js]
[www.cortexcopywriter.com/js/cortex2-blogscroll.js]
[www.cortexcopywriter.com/case-studies/ausbeds-a-conversational-user-interface.html]
[www.cortexcopywriter.com/blog/blog-img/blaze.jpg]
[www.cortexcopywriter.com/blog/blog-img/mismatch.jpg]
[www.cortexcopywriter.com/blog/blog-img/values.jpg]
[www.cortexcopywriter.com/blog/blog-img/mapping.jpg]
[www.cortexcopywriter.com/blog/blog-img/style.jpg]
[www.cortexcopywriter.com/blog/blog-img/system.jpg]
[www.cortexcopywriter.com/blog/blog-img/logo.jpg]
[www.cortexcopywriter.com/blog/blog-img/Discovery.jpg]
[www.cortexcopywriter.com/blog/blog-img/infographic.jpg]
[www.cortexcopywriter.com/blog/blog-img/wire.jpg]
[www.cortexcopywriter.com/blog/blog-img/copy.jpg]
[www.cortexcopywriter.com/blog/blog-img/identity.jpg]
[www.cortexcopywriter.com/blog/blog-img/testing.jpg]
[www.cortexcopywriter.com/case-studies/rebranding-blaze-research.html]
[www.cortexcopywriter.com/blog/blog-img/mirror.jpg]
[www.cortexcopywriter.com/blog/blog-img/nike.jpg]
[www.cortexcopywriter.com/blog/blog-img/goibibo.jpg]
[www.cortexcopywriter.com/blog/blog-img/spotify.jpg]
[www.cortexcopywriter.com/blog/blog-img/fibery.jpg]
[www.cortexcopywriter.com/blog/blog-img/headspace.jpg]
[www.cortexcopywriter.com/blog/blog-img/headspace-no.jpg]
[www.cortexcopywriter.com/blog/blog-img/slack.jpg]
[www.cortexcopywriter.com/blog/blog-img/visme.png]
[www.cortexcopywriter.com/blog/blog-img/clickup.jpg]
[www.cortexcopywriter.com/blog/blog-img/bestbuyhanukkah.jpg]
[www.cortexcopywriter.com/blog/UX-writing-and-FBI-negotiation.html]
[www.cortexcopywriter.com/blog/blog-img/DRAPER.jpg]
[www.cortexcopywriter.com/blog/blog-img/UX.jpg]
[www.cortexcopywriter.com/blog/blog-img/sprint.jpg]
[www.cortexcopywriter.com/blog/blog-img/SMARTGLASS.jpg]
[www.cortexcopywriter.com/blog/evolution-of-copy.html]
[www.cortexcopywriter.com/blog/blog-img/verticalMobile.jpg]
[www.cortexcopywriter.com/blog/blog-img/vr_screenplay_methods.jpg]
[www.cortexcopywriter.com/blog/how-will-screenwriting-evolve.html]
[www.cortexcopywriter.com/blog/blog-img/similarity.jpg]
[www.cortexcopywriter.com/blog/blog-img/VR.jpg]
[www.cortexcopywriter.com/blog/blog-img/Kahneman.jpg]
[www.cortexcopywriter.com/blog/top-3-ways-psychology-hacks-minds.html]
[www.cortexcopywriter.com/img/logo/logo_mobile.svg]
[www.cortexcopywriter.com/img/intro/Intro_Front_Layer.svg]
[www.cortexcopywriter.com/img/intro/Intro_Featured_Image_Empty.svg]
[www.cortexcopywriter.com/img/intro/Intro_Brain.svg]
[www.cortexcopywriter.com/img/services/services-5.svg]
[www.cortexcopywriter.com/img/services/services-6.svg]
[www.cortexcopywriter.com/img/services/services-7.svg]
[www.cortexcopywriter.com/img/techniques/svg/tech-ar.svg]
[www.cortexcopywriter.com/blog/blog-img/speedpix-before.jpg]
[www.cortexcopywriter.com/see-more/speedpix-onboarding.html]
[www.cortexcopywriter.com/blog/blog-img/pestrol-1.jpg]
[www.cortexcopywriter.com/blog/blog-img/pestrol-2.jpg]
[www.cortexcopywriter.com/blog/blog-img/pestrol-3.jpg]
[www.cortexcopywriter.com/blog/blog-img/pestrol-4.jpg]
[www.cortexcopywriter.com/img/samples/facebook.jpg]
[www.cortexcopywriter.com/see-more/facebook-ads.html]
[www.cortexcopywriter.com/blog/blog-img/script.jpg]
[www.cortexcopywriter.com/blog/blog-img/storyboards.jpg]
[www.cortexcopywriter.com/see-more/explainer-video.html]
[www.cortexcopywriter.com/blog/blog-img/mascot-1.jpg]
[www.cortexcopywriter.com/blog/blog-img/mascot-2.jpg]
[www.cortexcopywriter.com/blog/blog-img/render-1.jpg]
[www.cortexcopywriter.com/blog/blog-img/render-2.jpg]
[www.cortexcopywriter.com/see-more/youtube-ad.html]
[www.cortexcopywriter.com/img/reviews/persona-2.svg]
[www.cortexcopywriter.com/img/reviews/persona-7.svg]
[www.cortexcopywriter.com/img/reviews/persona-6.svg]
[www.cortexcopywriter.com/img/reviews/persona-4.svg]
[www.cortexcopywriter.com/img/reviews/persona-5.svg]
[www.cortexcopywriter.com/img/reviews/persona-3.svg]
[www.cortexcopywriter.com/css/alt-main.css]
[connect.facebook.net/en_GB/sdk.js]
[www.cortexcopywriter.com/index-2.html]
